<?xml version="1.0" encoding="UTF-8" ?>
<testsuites name="vitest tests" tests="1" failures="1" errors="0" time="262.825">
    <testsuite name="src/__tests__/test_suites/AllPlants.test.jsx" timestamp="2026-05-16T14:12:55.156Z" hostname="leo" tests="1" failures="1" errors="0" skipped="0" time="0">
        <testcase classname="src/__tests__/test_suites/AllPlants.test.jsx" name="src/__tests__/test_suites/AllPlants.test.jsx" time="0">
            <failure message="Failed to resolve import &quot;./App.css&quot; from &quot;src/App.jsx&quot;. Does the file exist?" type="Error">
Error: Failed to resolve import &quot;./App.css&quot; from &quot;src/App.jsx&quot;. Does the file exist?
 ❯ formatError node_modules/vite/dist/node/chunks/dep-827b23df.js:44066:46
 ❯ TransformContext.error node_modules/vite/dist/node/chunks/dep-827b23df.js:44062:19
 ❯ normalizeUrl node_modules/vite/dist/node/chunks/dep-827b23df.js:41845:33
 ❯ async file:/home/leo-macau/ft17/mod3/react-hooks-plantshop-cr-vite/node_modules/vite/dist/node/chunks/dep-827b23df.js:41999:47
 ❯ TransformContext.transform node_modules/vite/dist/node/chunks/dep-827b23df.js:41915:13
 ❯ Object.transform node_modules/vite/dist/node/chunks/dep-827b23df.js:44356:30
 ❯ loadAndTransform node_modules/vite/dist/node/chunks/dep-827b23df.js:55088:29
            </failure>
        </testcase>
    </testsuite>
</testsuites>
